[1m[0;36m
  ╔══════════════════════════════════════════╗
  ║       git-autopusher  •  7-day mode      ║
  ╚══════════════════════════════════════════╝
[0m
2026-06-01 15:56:32  [1mStarting git-autopusher[0m
2026-06-01 15:56:32    Repo    : /home/sword/Documents/tools
2026-06-01 15:56:32    Branch  : main
2026-06-01 15:56:32    Log dir : /home/sword/Documents/tools/.autopush_logs
2026-06-01 15:56:32    Cycles  : 168  (every 3600s for 7 days)
────────────────────────────────────────────────────────
────────────────────────────────────────────────────────
2026-06-01 15:56:32  [1mCYCLE 1 / 168[0m  —  2026-06-01 15:56:32
────────────────────────────────────────────────────────
[1m[0;36m
  ╔══════════════════════════════════════════╗
  ║       git-autopusher  •  7-day mode      ║
  ╚══════════════════════════════════════════╝
[0m
2026-06-01 15:58:52  [1mStarting git-autopusher[0m
2026-06-01 15:58:52    Repo    : /home/sword/Documents/tools
2026-06-01 15:58:52    Branch  : main
2026-06-01 15:58:52    Log dir : /home/sword/Documents/tools/.autopush_logs
2026-06-01 15:58:52    Cycles  : 168  (every 3600s for 7 days)
────────────────────────────────────────────────────────
────────────────────────────────────────────────────────
2026-06-01 15:58:52  [1mCYCLE 1 / 168[0m  —  2026-06-01 15:58:52
────────────────────────────────────────────────────────
2026-06-01 15:59:02    fetch: fatal: unable to access 'https://github.com/BayazidHabibSiddikee/Tools.git/': Could not resolve host: github.com
